[debug] [2026-08-29T04:43:34.109Z] ----------------------------------------------------------------------
[debug] [2026-08-29T04:43:34.111Z] Command:       C:\Program Files\nodejs\node.exe C:\Users\User\AppData\Local\npm-cache\_npx\ba4f1959e38407b5\node_modules\firebase-tools\lib\bin\firebase.js hosting:sites:create youpeak-admin
[debug] [2026-08-29T04:43:34.112Z] CLI Version:   15.28.2
[debug] [2026-08-29T04:43:34.112Z] Platform:      win32
[debug] [2026-08-29T04:43:34.112Z] Node Version:  v24.18.0
[debug] [2026-08-29T04:43:34.112Z] Detected Agent: unknown
[debug] [2026-08-29T04:43:34.112Z] Time:          Sat Aug 29 2026 10:13:34 GMT+0530 (India Standard Time)
[debug] [2026-08-29T04:43:34.113Z] ----------------------------------------------------------------------
[debug] 
[debug] [2026-08-29T04:43:34.384Z] > command requires scopes: ["email","openid","https://www.googleapis.com/auth/cloudplatformprojects.readonly","https://www.googleapis.com/auth/firebase","https://www.googleapis.com/auth/cloud-platform"]
[debug] [2026-08-29T04:43:34.385Z] > authorizing via signed-in user (youpeak24@gmail.com)
[debug] [2026-08-29T04:43:34.385Z] [iam] checking project youpeak-9ff65 for permissions ["firebase.projects.get","firebasehosting.sites.update"]
[debug] [2026-08-29T04:43:34.400Z] Checked if tokens are valid: false, expires at: 1787939181639
[debug] [2026-08-29T04:43:34.400Z] Checked if tokens are valid: false, expires at: 1787939181639
[debug] [2026-08-29T04:43:34.401Z] > refreshing access token with scopes: []
[debug] [2026-08-29T04:43:34.403Z] >>> [apiv2][query] POST https://www.googleapis.com/oauth2/v3/token [none]
[debug] [2026-08-29T04:43:34.403Z] >>> [apiv2][body] POST https://www.googleapis.com/oauth2/v3/token [omitted]
[debug] [2026-08-29T04:43:34.675Z] <<< [apiv2][status] POST https://www.googleapis.com/oauth2/v3/token 200
[debug] [2026-08-29T04:43:34.675Z] <<< [apiv2][body] POST https://www.googleapis.com/oauth2/v3/token [omitted]
[debug] [2026-08-29T04:43:34.685Z] >>> [apiv2][query] POST https://cloudresourcemanager.googleapis.com/v1/projects/youpeak-9ff65:testIamPermissions [none]
[debug] [2026-08-29T04:43:34.685Z] >>> [apiv2][(partial)header] POST https://cloudresourcemanager.googleapis.com/v1/projects/youpeak-9ff65:testIamPermissions  x-goog-user-project=youpeak-9ff65
[debug] [2026-08-29T04:43:34.686Z] >>> [apiv2][body] POST https://cloudresourcemanager.googleapis.com/v1/projects/youpeak-9ff65:testIamPermissions {"permissions":["firebase.projects.get","firebasehosting.sites.update"]}
